// Jest Snapshot v1, https://goo.gl/fbAQLP

exports[`Test the calc Test the buttons renders correctly 1`] = `
<div
  className="calc-container"
>
  <h2
    className="calc-title"
  >
    Let´s do some math!
  </h2>
  <table
    className="calc"
  >
    <tbody
      className="calc-body"
    >
      <tr
        className="firstRow row"
      >
        <td
          className="buttons result"
          colSpan={4}
        >
          <p
            className="output"
          >
            0
          </p>
        </td>
      </tr>
      <tr
        className="otherRow row"
      >
        <td
          className="buttons"
          colSpan={1}
          onClick={[Function]}
        >
          AC
        </td>
        <td
          className="buttons"
          colSpan={1}
          onClick={[Function]}
        >
          +/-
        </td>
        <td
          className="buttons"
          colSpan={1}
          onClick={[Function]}
        >
          %
        </td>
        <td
          className="buttons"
          colSpan={1}
          onClick={[Function]}
        >
          ÷
        </td>
      </tr>
      <tr
        className="otherRow row"
      >
        <td
          className="buttons"
          colSpan={1}
          onClick={[Function]}
        >
          7
        </td>
        <td
          className="buttons"
          colSpan={1}
          onClick={[Function]}
        >
          8
        </td>
        <td
          className="buttons"
          colSpan={1}
          onClick={[Function]}
        >
          9
        </td>
        <td
          className="buttons"
          colSpan={1}
          onClick={[Function]}
        >
          x
        </td>
      </tr>
      <tr
        className="otherRow row"
      >
        <td
          className="buttons"
          colSpan={1}
          onClick={[Function]}
        >
          4
        </td>
        <td
          className="buttons"
          colSpan={1}
          onClick={[Function]}
        >
          5
        </td>
        <td
          className="buttons"
          colSpan={1}
          onClick={[Function]}
        >
          6
        </td>
        <td
          className="buttons"
          colSpan={1}
          onClick={[Function]}
        >
          -
        </td>
      </tr>
      <tr
        className="otherRow row"
      >
        <td
          className="buttons"
          colSpan={1}
          onClick={[Function]}
        >
          1
        </td>
        <td
          className="buttons"
          colSpan={1}
          onClick={[Function]}
        >
          2
        </td>
        <td
          className="buttons"
          colSpan={1}
          onClick={[Function]}
        >
          3
        </td>
        <td
          className="buttons"
          colSpan={1}
          onClick={[Function]}
        >
          +
        </td>
      </tr>
      <tr
        className="otherRow row"
      >
        <td
          className="buttons"
          colSpan={2}
          onClick={[Function]}
        >
          0
        </td>
        <td
          className="buttons"
          colSpan={1}
          onClick={[Function]}
        >
          .
        </td>
        <td
          className="buttons"
          colSpan={1}
          onClick={[Function]}
        >
          =
        </td>
      </tr>
    </tbody>
  </table>
</div>
`;
